{
  "pipeline": "pipeline_id",
  "job details": {
    "job category": "preprocessing",
    "job name": "SchemaTransform",
    "job type": "ray",
    "job id": "job_id",
    "start_time": "2024-03-09 17:21:07",
    "end_time": "2024-03-09 17:21:09",
    "status": "success"
  },
  "code": {
    "github": "github",
    "commit_hash": "12345",
    "path": "path"
  },
  "job_input_params": {
    "doc_column": "contents",
    "doc_id_column": "id_column",
    "doc_id_int_column": "int_id_column",
    "columns_to_remove": null,
    "checkpointing": false,
    "max_files": -1,
    "number of workers": 3,
    "worker options": {
      "num_cpus": 0.8
    },
    "actor creation delay": 0
  },
  "execution_stats": {
    "cpus": 16,
    "gpus": 0,
    "memory": 12.095119095407426,
    "object_store": 2.0
  },
  "job_output_stats": {
    "source_files": 1,
    "source_size": 16534,
    "result_files": 1,
    "result_size": 16914,
    "table_processing": 0.3454749584197998
  },
  "source": {
    "name": "/Users/boris/Projects/fm-data-engineering/transforms/universal/schema_modification/test-data/input",
    "type": "path"
  },
  "target": {
    "name": "/Users/boris/Projects/fm-data-engineering/transforms/universal/schema_modification/test-data/output",
    "type": "path"
  }
}