{
    "pipeline": "pipeline_id",
    "job details": {
        "job category": "preprocessing",
        "job name": "blocklist",
        "job type": "ray",
        "job id": "job_id",
        "start_time": "2024-03-04 18:19:59",
        "end_time": "2024-03-04 18:20:00",
        "status": "success"
    },
    "code": [null],
    "job_input_params": {
        "bl_blocked_domain_list_url": "test-data/domains/arjel",
        "bl_annotation_column_name": "blocklisted",
        "bl_source_url_column_name": "title",
        "checkpointing": false,
        "max_files": -1,
        "number of workers": 1,
        "worker options": {
            "num_cpus": 0.8
        },
        "actor creation delay": 0
    },
    "execution_stats": {
        "cpus": 10,
        "gpus": 0,
        "memory": 15.702050781808794,
        "object_store": 2.0
    },
    "job_output_stats": {
        "source_files": 1,
        "source_size": 216,
        "result_files": 1,
        "result_size": 298,
        "table_processing": 0.02235889434814453,
        "total_docs_count": 7,
        "blocklisted_docs_count": 3
    },
    "source": {
        "name": "test-data/input",
        "type": "path"
    },
    "target": {
        "name": "/tmp/blocklistcdhd56g9",
        "type": "path"
    }
}
