{
  "pipeline": "pipeline_id",
  "job details": {
    "job category": "preprocessing",
    "job name": "SplitFile",
    "job type": "ray",
    "job id": "job_id",
    "start_time": "2024-03-27 20:56:26",
    "end_time": "2024-03-27 20:56:28",
    "status": "success"
  },
  "code": {
    "github": "github",
    "commit_hash": "12345",
    "path": "path"
  },
  "job_input_params": {
    "max_documents_table": -1,
    "max_table_size": 1,
    "checkpointing": false,
    "max_files": -1,
    "number of workers": 3,
    "worker options": {
      "num_cpus": 0.8
    },
    "actor creation delay": 0
  },
  "execution_stats": {
    "cpus": 16,
    "gpus": 0,
    "memory": 10.732982635498047,
    "object_store": 2.0
  },
  "job_output_stats": {
    "source_files": 1,
    "source_size": 6062329,
    "result_files": 3,
    "result_size": 6062335,
    "table_processing": 0.3613719940185547
  },
  "source": {
    "name": "/Users/boris/Projects/fm-data-engineering/transforms/universal/split_file/test-data/input",
    "type": "path"
  },
  "target": {
    "name": "/Users/boris/Projects/fm-data-engineering/transforms/universal/split_file/output",
    "type": "path"
  }
}