{
  "pipeline": "pipeline_id",
  "job details": {
    "job category": "preprocessing",
    "job name": "Tokenization",
    "job type": "ray",
    "job id": "job_id",
    "start_time": "2024-03-20 14:40:15",
    "end_time": "2024-03-20 14:40:16",
    "status": "success"
  },
  "code": {
    "github": "github",
    "commit_hash": "12345",
    "path": "path"
  },
  "job_input_params": {
    "tokenizer": "bigcode/starcoder",
    "doc_id_column": "document_id",
    "doc_content_column": "contents",
    "text_lang": "en",
    "chunk_size": 0,
    "checkpointing": false,
    "max_files": -1,
    "number of workers": 5,
    "worker options": {
      "num_cpus": 0.8
    },
    "actor creation delay": 0
  },
  "execution_stats": {
    "cpus": 10,
    "gpus": 0,
    "memory": 40.62277832068503,
    "object_store": 2.0
  },
  "job_output_stats": {
    "source_files": 3,
    "source_size": 450,
    "result_files": 3,
    "result_size": 738,
    "table_processing": 0.3186221122741699,
    "nfiles": 3,
    "nrows": 6,
    "ntokenizedrows": 6,
    "nemptyrows": 0
  },
  "source": {
    "name": "/Users/xdang/00proj/04-FM/01_code/fm-data-engineering/transforms/universal/tokenization/test-data/input",
    "type": "path"
  },
  "target": {
    "name": "/Users/xdang/00proj/04-FM/01_code/fm-data-engineering/transforms/universal/tokenization/output",
    "type": "path"
  }
}