{
  "pipeline": "pipeline_id",
  "job details": {
    "job category": "preprocessing",
    "job name": "Coalesce",
    "job type": "ray",
    "job id": "job_id",
    "start_time": "2024-03-09 17:06:24",
    "end_time": "2024-03-09 17:06:28",
    "status": "success"
  },
  "code": {
    "github": "github",
    "commit_hash": "12345",
    "path": "path"
  },
  "job_input_params": {
    "coalesce_target": 100,
    "checkpointing": false,
    "max_files": -1,
    "number of workers": 1,
    "worker options": {
      "num_cpus": 0.8
    },
    "actor creation delay": 0
  },
  "execution_stats": {
    "cpus": 16,
    "gpus": 0,
    "memory": 12.197676468640566,
    "object_store": 2.0
  },
  "job_output_stats": {
    "source_files": 4,
    "source_size": 323513404,
    "result_files": 2,
    "result_size": 323513404,
    "table_processing": 1.1537952423095703
  },
  "source": {
    "name": "/Users/boris/Projects/fm-data-engineering/transforms/universal/coalesce/test-data/input",
    "type": "path"
  },
  "target": {
    "name": "/Users/boris/Projects/fm-data-engineering/transforms/universal/coalesce/test-data/output",
    "type": "path"
  }
}