{
    "pipeline": "pipeline_id",
    "job details": {
        "job category": "preprocessing",
        "job name": "code_quality",
        "job type": "ray",
        "job id": "job_id",
        "start_time": "2024-03-25 03:55:03",
        "end_time": "2024-03-25 03:55:07",
        "status": "success"
    },
    "code": {
        "github": "github",
        "commit_hash": "12345",
        "path": "path"
    },
    "job_input_params": {
        "code_quality_params": {
            "contents_column_name": "contents",
            "language_column_name": "language",
            "tokenizer": "codeparrot/codeparrot",
            "hf_token": ""
        },
        "checkpointing": false,
        "max_files": -1,
        "number of workers": 1,
        "worker options": {
            "num_cpus": 0.8
        },
        "actor creation delay": 0
    },
    "execution_stats": {
        "cpus": 8,
        "gpus": 0,
        "memory": 8.493200684897602,
        "object_store": 4.246600341051817
    },
    "job_output_stats": {
        "source_files": 2,
        "source_size": 83195,
        "result_files": 2,
        "result_size": 84563,
        "table_processing": 0.14681601524353027
    },
    "source": {
        "name": "/root/codellm/repos/fm-data-engineering/transforms/code/code_quality/test-data/input",
        "type": "path"
    },
    "target": {
        "name": "/root/codellm/repos/fm-data-engineering/transforms/code/code_quality/test-data/output",
        "type": "path"
    }
}
