{
  "pipeline": "pipeline_id",
  "job details": {
    "job category": "preprocessing",
    "job name": "fdedup",
    "job type": "ray",
    "job id": "job_id",
    "start_time": "2024-03-09 17:17:06",
    "end_time": "2024-03-09 17:17:13",
    "status": "success"
  },
  "code": {
    "github": "github",
    "commit_hash": "12345",
    "path": "path"
  },
  "job_input_params": {
    "doc_column": "contents",
    "id_column": "int_id_column",
    "cluster_column": "cluster",
    "worker_options": {
      "num_cpus": 0.8
    },
    "bucket_cpu": 0.5,
    "doc_cpu": 0.5,
    "mhash_cpu": 0.5,
    "d_actors": 1,
    "b_actors": 1,
    "m_actors": 1,
    "n_preprocessors": 2,
    "num_permutations": 64,
    "threshold": 0.8,
    "world_shingle_size": 5,
    "is_japanese": false,
    "delimiters": " ",
    "checkpointing": false,
    "max_files": -1,
    "number of workers": 3,
    "worker options": {
      "num_cpus": 0.8
    },
    "actor creation delay": 0
  },
  "execution_stats": {
    "cpus": 16,
    "gpus": 0,
    "memory": 11.676471329294145,
    "object_store": 2.0
  },
  "job_output_stats": {
    "number of buckets": 15,
    "number of docs": 3,
    "number of removed docs": 2,
    "number of min hashes": 5,
    "overall hash memory GB": 7.499009370803833e-06,
    "de duplication %": 25.0,
    "generated buckets": 30,
    "generated minhashes": 8,
    "generated doc_ids": 3,
    "bucket processing time": 0.024325132369995117,
    "source_files": 2,
    "source_size": 25683,
    "result_files": 1,
    "result_size": 9135,
    "table_processing": 0.045855045318603516,
    "source_documents": 8,
    "result_documents": 6
  },
  "source": {
    "name": "/Users/boris/Projects/fm-data-engineering/transforms/universal/fdedup/test-data/input",
    "type": "path"
  },
  "target": {
    "name": "/Users/boris/Projects/fm-data-engineering/transforms/universal/fdedup/test-data/output",
    "type": "path"
  }
}